Archive member included to satisfy reference by file (symbol)

c:/intelfpga_lite/22.1std/nios2eds/bin/gnu/h-x86_64-mingw32/bin/../lib/gcc/nios2-elf/12.2.1/mno-hw-mul\libgcc.a(lib2-divmod.o)
                              obj/default/hello_world_small.o (__udivsi3)
c:/intelfpga_lite/22.1std/nios2eds/bin/gnu/h-x86_64-mingw32/bin/../lib/gcc/nios2-elf/12.2.1/mno-hw-mul\libgcc.a(lib2-mul.o)
                              obj/default/hello_world_small.o (__mulsi3)
c:/intelfpga_lite/22.1std/nios2eds/bin/gnu/h-x86_64-mingw32/bin/../lib/gcc/nios2-elf/12.2.1/../../../../../H-x86_64-mingw32/nios2-elf/lib/mno-hw-mul\libsmallc.a(lib_a-puts.o)
                              obj/default/hello_world_small.o (puts)
c:/intelfpga_lite/22.1std/nios2eds/bin/gnu/h-x86_64-mingw32/bin/../lib/gcc/nios2-elf/12.2.1/../../../../../H-x86_64-mingw32/nios2-elf/lib/mno-hw-mul\libsmallc.a(lib_a-strlen.o)
                              c:/intelfpga_lite/22.1std/nios2eds/bin/gnu/h-x86_64-mingw32/bin/../lib/gcc/nios2-elf/12.2.1/../../../../../H-x86_64-mingw32/nios2-elf/lib/mno-hw-mul\libsmallc.a(lib_a-puts.o) (strlen)
c:/intelfpga_lite/22.1std/nios2eds/bin/gnu/h-x86_64-mingw32/bin/../lib/gcc/nios2-elf/12.2.1/../../../../../H-x86_64-mingw32/nios2-elf/lib/mno-hw-mul\libsmallc.a(lib_a-fvwrite_small_dev.o)
                              c:/intelfpga_lite/22.1std/nios2eds/bin/gnu/h-x86_64-mingw32/bin/../lib/gcc/nios2-elf/12.2.1/../../../../../H-x86_64-mingw32/nios2-elf/lib/mno-hw-mul\libsmallc.a(lib_a-puts.o) (__sfvwrite_small_dev)
c:/intelfpga_lite/22.1std/nios2eds/bin/gnu/h-x86_64-mingw32/bin/../lib/gcc/nios2-elf/12.2.1/../../../../../H-x86_64-mingw32/nios2-elf/lib/mno-hw-mul\libsmallc.a(lib_a-impure.o)
                              c:/intelfpga_lite/22.1std/nios2eds/bin/gnu/h-x86_64-mingw32/bin/../lib/gcc/nios2-elf/12.2.1/../../../../../H-x86_64-mingw32/nios2-elf/lib/mno-hw-mul\libsmallc.a(lib_a-puts.o) (_impure_ptr)
c:/intelfpga_lite/22.1std/nios2eds/bin/gnu/h-x86_64-mingw32/bin/../lib/gcc/nios2-elf/12.2.1/../../../../../H-x86_64-mingw32/nios2-elf/lib/mno-hw-mul\libsmallc.a(lib_a-writer.o)
                              c:/intelfpga_lite/22.1std/nios2eds/bin/gnu/h-x86_64-mingw32/bin/../lib/gcc/nios2-elf/12.2.1/../../../../../H-x86_64-mingw32/nios2-elf/lib/mno-hw-mul\libsmallc.a(lib_a-fvwrite_small_dev.o) (_write_r)
c:/intelfpga_lite/22.1std/nios2eds/bin/gnu/h-x86_64-mingw32/bin/../lib/gcc/nios2-elf/12.2.1/../../../../../H-x86_64-mingw32/nios2-elf/lib/mno-hw-mul\libsmallc.a(lib_a-int_errno.o)
                              c:/intelfpga_lite/22.1std/nios2eds/bin/gnu/h-x86_64-mingw32/bin/../lib/gcc/nios2-elf/12.2.1/../../../../../H-x86_64-mingw32/nios2-elf/lib/mno-hw-mul\libsmallc.a(lib_a-writer.o) (errno)
c:/Users/Lenovo/Documents/calc/software/calc_small_bsp/\libhal_bsp.a(alt_load.o)
                              c:/Users/Lenovo/Documents/calc/software/calc_small_bsp//obj/HAL/src/crt0.o (alt_load)
c:/Users/Lenovo/Documents/calc/software/calc_small_bsp/\libhal_bsp.a(alt_main.o)
                              c:/Users/Lenovo/Documents/calc/software/calc_small_bsp//obj/HAL/src/crt0.o (alt_main)
c:/Users/Lenovo/Documents/calc/software/calc_small_bsp/\libhal_bsp.a(alt_usleep.o)
                              obj/default/hello_world_small.o (usleep)
c:/Users/Lenovo/Documents/calc/software/calc_small_bsp/\libhal_bsp.a(alt_write.o)
                              c:/intelfpga_lite/22.1std/nios2eds/bin/gnu/h-x86_64-mingw32/bin/../lib/gcc/nios2-elf/12.2.1/../../../../../H-x86_64-mingw32/nios2-elf/lib/mno-hw-mul\libsmallc.a(lib_a-writer.o) (write)
c:/Users/Lenovo/Documents/calc/software/calc_small_bsp/\libhal_bsp.a(alt_sys_init.o)
                              c:/Users/Lenovo/Documents/calc/software/calc_small_bsp/\libhal_bsp.a(alt_main.o) (alt_irq_init)
c:/Users/Lenovo/Documents/calc/software/calc_small_bsp/\libhal_bsp.a(altera_avalon_jtag_uart_write.o)
                              c:/Users/Lenovo/Documents/calc/software/calc_small_bsp/\libhal_bsp.a(alt_write.o) (altera_avalon_jtag_uart_write)
c:/Users/Lenovo/Documents/calc/software/calc_small_bsp/\libhal_bsp.a(altera_avalon_timer_ts.o)
                              obj/default/hello_world_small.o (alt_timestamp_start)
c:/Users/Lenovo/Documents/calc/software/calc_small_bsp/\libhal_bsp.a(altera_avalon_timer_vars.o)
                              c:/Users/Lenovo/Documents/calc/software/calc_small_bsp/\libhal_bsp.a(alt_sys_init.o) (altera_avalon_timer_ts_freq)
c:/Users/Lenovo/Documents/calc/software/calc_small_bsp/\libhal_bsp.a(alt_busy_sleep.o)
                              c:/Users/Lenovo/Documents/calc/software/calc_small_bsp/\libhal_bsp.a(alt_usleep.o) (alt_busy_sleep)
c:/Users/Lenovo/Documents/calc/software/calc_small_bsp/\libhal_bsp.a(alt_dcache_flush_all.o)
                              c:/Users/Lenovo/Documents/calc/software/calc_small_bsp/\libhal_bsp.a(alt_load.o) (alt_dcache_flush_all)
c:/Users/Lenovo/Documents/calc/software/calc_small_bsp/\libhal_bsp.a(alt_errno.o)
                              c:/Users/Lenovo/Documents/calc/software/calc_small_bsp/\libhal_bsp.a(alt_write.o) (alt_errno)
c:/Users/Lenovo/Documents/calc/software/calc_small_bsp/\libhal_bsp.a(alt_icache_flush_all.o)
                              c:/Users/Lenovo/Documents/calc/software/calc_small_bsp/\libhal_bsp.a(alt_load.o) (alt_icache_flush_all)
c:/Users/Lenovo/Documents/calc/software/calc_small_bsp/\libhal_bsp.a(altera_nios2_gen2_irq.o)
                              c:/Users/Lenovo/Documents/calc/software/calc_small_bsp/\libhal_bsp.a(alt_sys_init.o) (altera_nios2_gen2_irq_init)
c:/intelfpga_lite/22.1std/nios2eds/bin/gnu/h-x86_64-mingw32/bin/../lib/gcc/nios2-elf/12.2.1/../../../../../H-x86_64-mingw32/nios2-elf/lib/mno-hw-mul\libsmallc.a(lib_a-memcpy.o)
                              c:/Users/Lenovo/Documents/calc/software/calc_small_bsp/\libhal_bsp.a(alt_load.o) (memcpy)

Memory Configuration

Name             Origin             Length             Attributes
onchip_memory2_1_BEFORE_EXCEPTION 0x0000000000020000 0x0000000000000020
onchip_memory2_1 0x0000000000020020 0x000000000000f9e0
reset            0x0000000000030000 0x0000000000000020
onchip_memory2_0 0x0000000000030020 0x000000000000f9e0
*default*        0x0000000000000000 0xffffffffffffffff

Linker script and memory map

LOAD c:/Users/Lenovo/Documents/calc/software/calc_small_bsp//obj/HAL/src/crt0.o
LOAD obj/default/hello_world_small.o
LOAD c:/intelfpga_lite/22.1std/nios2eds/bin/gnu/h-x86_64-mingw32/bin/../lib/gcc/nios2-elf/12.2.1/../../../../../H-x86_64-mingw32/nios2-elf/lib/mno-hw-mul\libstdc++.a
LOAD c:/intelfpga_lite/22.1std/nios2eds/bin/gnu/h-x86_64-mingw32/bin/../lib/gcc/nios2-elf/12.2.1/../../../../../H-x86_64-mingw32/nios2-elf/lib/mno-hw-mul\libm.a
LOAD c:/intelfpga_lite/22.1std/nios2eds/bin/gnu/h-x86_64-mingw32/bin/../lib/gcc/nios2-elf/12.2.1/mno-hw-mul\libgcc.a
START GROUP
LOAD c:/intelfpga_lite/22.1std/nios2eds/bin/gnu/h-x86_64-mingw32/bin/../lib/gcc/nios2-elf/12.2.1/../../../../../H-x86_64-mingw32/nios2-elf/lib/mno-hw-mul\libsmallc.a
LOAD c:/intelfpga_lite/22.1std/nios2eds/bin/gnu/h-x86_64-mingw32/bin/../lib/gcc/nios2-elf/12.2.1/mno-hw-mul\libgcc.a
LOAD c:/Users/Lenovo/Documents/calc/software/calc_small_bsp/\libhal_bsp.a
LOAD c:/intelfpga_lite/22.1std/nios2eds/bin/gnu/h-x86_64-mingw32/bin/../lib/gcc/nios2-elf/12.2.1/../../../../../H-x86_64-mingw32/nios2-elf/lib/mno-hw-mul\libm.a
END GROUP
LOAD c:/intelfpga_lite/22.1std/nios2eds/bin/gnu/h-x86_64-mingw32/bin/../lib/gcc/nios2-elf/12.2.1/mno-hw-mul\libgcc.a
                0x0000000000020000                __alt_mem_onchip_memory2_1 = 0x20000
                0x0000000000030000                __alt_mem_onchip_memory2_0 = 0x30000

.entry          0x0000000000030000       0x20
 *(.entry)
 .entry         0x0000000000030000       0x20 c:/Users/Lenovo/Documents/calc/software/calc_small_bsp//obj/HAL/src/crt0.o
                0x0000000000030000                __reset
                0x000000000003000c                _exit

.exceptions     0x0000000000020020        0x0
                0x0000000000020020                PROVIDE (__ram_exceptions_start = ABSOLUTE (.))
                0x0000000000020020                . = ALIGN (0x20)
 *(.irq)
 *(.exceptions.entry.label)
 *(.exceptions.entry.user)
 *(.exceptions.entry.ecc_fatal)
 *(.exceptions.entry)
 *(.exceptions.irqtest.user)
 *(.exceptions.irqtest)
 *(.exceptions.irqhandler.user)
 *(.exceptions.irqhandler)
 *(.exceptions.irqreturn.user)
 *(.exceptions.irqreturn)
 *(.exceptions.notirq.label)
 *(.exceptions.notirq.user)
 *(.exceptions.notirq)
 *(.exceptions.soft.user)
 *(.exceptions.soft)
 *(.exceptions.unknown.user)
 *(.exceptions.unknown)
 *(.exceptions.exit.label)
 *(.exceptions.exit.user)
 *(.exceptions.exit)
 *(.exceptions)
                0x0000000000020020                PROVIDE (__ram_exceptions_end = ABSOLUTE (.))
                0x0000000000020020                PROVIDE (__flash_exceptions_start = LOADADDR (.exceptions))

.text           0x0000000000020020      0x890
                [!provide]                        PROVIDE (stext = ABSOLUTE (.))
 *(.interp)
 *(.hash)
 *(.dynsym)
 *(.dynstr)
 *(.gnu.version)
 *(.gnu.version_d)
 *(.gnu.version_r)
 *(.rel.init)
 *(.rela.init)
 *(.rel.text .rel.text.* .rel.gnu.linkonce.t.*)
 *(.rela.text .rela.text.* .rela.gnu.linkonce.t.*)
 *(.rel.fini)
 *(.rela.fini)
 *(.rel.rodata .rel.rodata.* .rel.gnu.linkonce.r.*)
 *(.rela.rodata .rela.rodata.* .rela.gnu.linkonce.r.*)
 *(.rel.data .rel.data.* .rel.gnu.linkonce.d.*)
 *(.rela.data .rela.data.* .rela.gnu.linkonce.d.*)
 *(.rel.tdata .rel.tdata.* .rel.gnu.linkonce.td.*)
 *(.rela.tdata .rela.tdata.* .rela.gnu.linkonce.td.*)
 *(.rel.tbss .rel.tbss.* .rel.gnu.linkonce.tb.*)
 *(.rela.tbss .rela.tbss.* .rela.gnu.linkonce.tb.*)
 *(.rel.ctors)
 *(.rela.ctors)
 *(.rel.dtors)
 *(.rela.dtors)
 *(.rel.got)
 *(.rela.got)
 *(.rel.sdata .rel.sdata.* .rel.gnu.linkonce.s.*)
 *(.rela.sdata .rela.sdata.* .rela.gnu.linkonce.s.*)
 *(.rel.sbss .rel.sbss.* .rel.gnu.linkonce.sb.*)
 *(.rela.sbss .rela.sbss.* .rela.gnu.linkonce.sb.*)
 *(.rel.sdata2 .rel.sdata2.* .rel.gnu.linkonce.s2.*)
 *(.rela.sdata2 .rela.sdata2.* .rela.gnu.linkonce.s2.*)
 *(.rel.sbss2 .rel.sbss2.* .rel.gnu.linkonce.sb2.*)
 *(.rela.sbss2 .rela.sbss2.* .rela.gnu.linkonce.sb2.*)
 *(.rel.bss .rel.bss.* .rel.gnu.linkonce.b.*)
 *(.rela.bss .rela.bss.* .rela.gnu.linkonce.b.*)
 *(.rel.plt)
 *(.rela.plt)
 *(.rel.dyn)
 *(.init)
 *(.plt)
 *(.text .stub .text.* .gnu.linkonce.t.*)
 .text          0x0000000000020020       0x3c c:/Users/Lenovo/Documents/calc/software/calc_small_bsp//obj/HAL/src/crt0.o
                0x0000000000020020                _start
 .text          0x000000000002005c       0x9c obj/default/hello_world_small.o
                0x000000000002005c                delay_us
                0x00000000000200c4                extract_bits
                0x00000000000200f4                set_neg
 .text.startup  0x00000000000200f8      0x184 obj/default/hello_world_small.o
                0x00000000000200f8                main
 .text          0x000000000002027c      0x1b4 c:/intelfpga_lite/22.1std/nios2eds/bin/gnu/h-x86_64-mingw32/bin/../lib/gcc/nios2-elf/12.2.1/mno-hw-mul\libgcc.a(lib2-divmod.o)
                0x000000000002027c                __divsi3
                0x00000000000202fc                __modsi3
                0x0000000000020370                __udivsi3
                0x00000000000203d4                __umodsi3
 .text          0x0000000000020430       0x28 c:/intelfpga_lite/22.1std/nios2eds/bin/gnu/h-x86_64-mingw32/bin/../lib/gcc/nios2-elf/12.2.1/mno-hw-mul\libgcc.a(lib2-mul.o)
                0x0000000000020430                __mulsi3
 .text          0x0000000000020458        0x0 c:/intelfpga_lite/22.1std/nios2eds/bin/gnu/h-x86_64-mingw32/bin/../lib/gcc/nios2-elf/12.2.1/../../../../../H-x86_64-mingw32/nios2-elf/lib/mno-hw-mul\libsmallc.a(lib_a-puts.o)
 .text._puts_r  0x0000000000020458       0x80 c:/intelfpga_lite/22.1std/nios2eds/bin/gnu/h-x86_64-mingw32/bin/../lib/gcc/nios2-elf/12.2.1/../../../../../H-x86_64-mingw32/nios2-elf/lib/mno-hw-mul\libsmallc.a(lib_a-puts.o)
                0x0000000000020458                _puts_r
 .text.puts     0x00000000000204d8       0x10 c:/intelfpga_lite/22.1std/nios2eds/bin/gnu/h-x86_64-mingw32/bin/../lib/gcc/nios2-elf/12.2.1/../../../../../H-x86_64-mingw32/nios2-elf/lib/mno-hw-mul\libsmallc.a(lib_a-puts.o)
                0x00000000000204d8                puts
 .text          0x00000000000204e8        0x0 c:/intelfpga_lite/22.1std/nios2eds/bin/gnu/h-x86_64-mingw32/bin/../lib/gcc/nios2-elf/12.2.1/../../../../../H-x86_64-mingw32/nios2-elf/lib/mno-hw-mul\libsmallc.a(lib_a-strlen.o)
 .text.strlen   0x00000000000204e8       0x1c c:/intelfpga_lite/22.1std/nios2eds/bin/gnu/h-x86_64-mingw32/bin/../lib/gcc/nios2-elf/12.2.1/../../../../../H-x86_64-mingw32/nios2-elf/lib/mno-hw-mul\libsmallc.a(lib_a-strlen.o)
                0x00000000000204e8                strlen
 .text          0x0000000000020504        0x0 c:/intelfpga_lite/22.1std/nios2eds/bin/gnu/h-x86_64-mingw32/bin/../lib/gcc/nios2-elf/12.2.1/../../../../../H-x86_64-mingw32/nios2-elf/lib/mno-hw-mul\libsmallc.a(lib_a-fvwrite_small_dev.o)
 .text.__sfvwrite_small_dev
                0x0000000000020504       0xa8 c:/intelfpga_lite/22.1std/nios2eds/bin/gnu/h-x86_64-mingw32/bin/../lib/gcc/nios2-elf/12.2.1/../../../../../H-x86_64-mingw32/nios2-elf/lib/mno-hw-mul\libsmallc.a(lib_a-fvwrite_small_dev.o)
                0x0000000000020504                __sfvwrite_small_dev
 .text          0x00000000000205ac        0x0 c:/intelfpga_lite/22.1std/nios2eds/bin/gnu/h-x86_64-mingw32/bin/../lib/gcc/nios2-elf/12.2.1/../../../../../H-x86_64-mingw32/nios2-elf/lib/mno-hw-mul\libsmallc.a(lib_a-impure.o)
 .text          0x00000000000205ac        0x0 c:/intelfpga_lite/22.1std/nios2eds/bin/gnu/h-x86_64-mingw32/bin/../lib/gcc/nios2-elf/12.2.1/../../../../../H-x86_64-mingw32/nios2-elf/lib/mno-hw-mul\libsmallc.a(lib_a-writer.o)
 .text._write_r
                0x00000000000205ac       0x50 c:/intelfpga_lite/22.1std/nios2eds/bin/gnu/h-x86_64-mingw32/bin/../lib/gcc/nios2-elf/12.2.1/../../../../../H-x86_64-mingw32/nios2-elf/lib/mno-hw-mul\libsmallc.a(lib_a-writer.o)
                0x00000000000205ac                _write_r
 .text          0x00000000000205fc        0x0 c:/intelfpga_lite/22.1std/nios2eds/bin/gnu/h-x86_64-mingw32/bin/../lib/gcc/nios2-elf/12.2.1/../../../../../H-x86_64-mingw32/nios2-elf/lib/mno-hw-mul\libsmallc.a(lib_a-int_errno.o)
 .text          0x00000000000205fc       0x84 c:/Users/Lenovo/Documents/calc/software/calc_small_bsp/\libhal_bsp.a(alt_load.o)
                0x00000000000205fc                alt_load
 .text          0x0000000000020680       0x2c c:/Users/Lenovo/Documents/calc/software/calc_small_bsp/\libhal_bsp.a(alt_main.o)
                0x0000000000020680                alt_main
 .text          0x00000000000206ac        0x4 c:/Users/Lenovo/Documents/calc/software/calc_small_bsp/\libhal_bsp.a(alt_usleep.o)
                0x00000000000206ac                usleep
 .text          0x00000000000206b0       0x5c c:/Users/Lenovo/Documents/calc/software/calc_small_bsp/\libhal_bsp.a(alt_write.o)
                0x00000000000206b0                write
 .text          0x000000000002070c       0x3c c:/Users/Lenovo/Documents/calc/software/calc_small_bsp/\libhal_bsp.a(alt_sys_init.o)
                0x000000000002070c                alt_irq_init
                0x000000000002072c                alt_sys_init
 .text          0x0000000000020748       0x30 c:/Users/Lenovo/Documents/calc/software/calc_small_bsp/\libhal_bsp.a(altera_avalon_jtag_uart_write.o)
                0x0000000000020748                altera_avalon_jtag_uart_write
 .text          0x0000000000020778       0x70 c:/Users/Lenovo/Documents/calc/software/calc_small_bsp/\libhal_bsp.a(altera_avalon_timer_ts.o)
                0x0000000000020778                alt_timestamp_start
                0x00000000000207b0                alt_timestamp
                0x00000000000207e0                alt_timestamp_freq
 .text          0x00000000000207e8        0x0 c:/Users/Lenovo/Documents/calc/software/calc_small_bsp/\libhal_bsp.a(altera_avalon_timer_vars.o)
 .text          0x00000000000207e8       0x90 c:/Users/Lenovo/Documents/calc/software/calc_small_bsp/\libhal_bsp.a(alt_busy_sleep.o)
                0x00000000000207e8                alt_busy_sleep
 .text          0x0000000000020878        0x4 c:/Users/Lenovo/Documents/calc/software/calc_small_bsp/\libhal_bsp.a(alt_dcache_flush_all.o)
                0x0000000000020878                alt_dcache_flush_all
 .text          0x000000000002087c        0x0 c:/Users/Lenovo/Documents/calc/software/calc_small_bsp/\libhal_bsp.a(alt_errno.o)
 .text          0x000000000002087c        0x4 c:/Users/Lenovo/Documents/calc/software/calc_small_bsp/\libhal_bsp.a(alt_icache_flush_all.o)
                0x000000000002087c                alt_icache_flush_all
 .text          0x0000000000020880        0x8 c:/Users/Lenovo/Documents/calc/software/calc_small_bsp/\libhal_bsp.a(altera_nios2_gen2_irq.o)
                0x0000000000020880                altera_nios2_gen2_irq_init
 .text          0x0000000000020888        0x0 c:/intelfpga_lite/22.1std/nios2eds/bin/gnu/h-x86_64-mingw32/bin/../lib/gcc/nios2-elf/12.2.1/../../../../../H-x86_64-mingw32/nios2-elf/lib/mno-hw-mul\libsmallc.a(lib_a-memcpy.o)
 .text.memcpy   0x0000000000020888       0x28 c:/intelfpga_lite/22.1std/nios2eds/bin/gnu/h-x86_64-mingw32/bin/../lib/gcc/nios2-elf/12.2.1/../../../../../H-x86_64-mingw32/nios2-elf/lib/mno-hw-mul\libsmallc.a(lib_a-memcpy.o)
                0x0000000000020888                memcpy
 *(.gnu.warning.*)
 *(.fini)
                [!provide]                        PROVIDE (__etext = ABSOLUTE (.))
                [!provide]                        PROVIDE (_etext = ABSOLUTE (.))
                [!provide]                        PROVIDE (etext = ABSOLUTE (.))
 *(.eh_frame_hdr)
                0x00000000000208b0                . = ALIGN (0x4)
                [!provide]                        PROVIDE (__preinit_array_start = ABSOLUTE (.))
 *(.preinit_array)
                [!provide]                        PROVIDE (__preinit_array_end = ABSOLUTE (.))
                [!provide]                        PROVIDE (__init_array_start = ABSOLUTE (.))
 *(.init_array)
                [!provide]                        PROVIDE (__init_array_end = ABSOLUTE (.))
                [!provide]                        PROVIDE (__fini_array_start = ABSOLUTE (.))
 *(.fini_array)
                [!provide]                        PROVIDE (__fini_array_end = ABSOLUTE (.))
 *(.eh_frame)
 *(.gcc_except_table .gcc_except_table.*)
 *(.dynamic)
                [!provide]                        PROVIDE (__CTOR_LIST__ = ABSOLUTE (.))
 *(.ctors)
 *(SORT_BY_NAME(.ctors.*))
                [!provide]                        PROVIDE (__CTOR_END__ = ABSOLUTE (.))
                [!provide]                        PROVIDE (__DTOR_LIST__ = ABSOLUTE (.))
 *(.dtors)
 *(SORT_BY_NAME(.dtors.*))
                [!provide]                        PROVIDE (__DTOR_END__ = ABSOLUTE (.))
 *(.jcr)
                0x00000000000208b0                . = ALIGN (0x4)

.rodata         0x00000000000208b0       0x3c
                0x00000000000208b0                PROVIDE (__ram_rodata_start = ABSOLUTE (.))
                0x00000000000208b0                . = ALIGN (0x4)
 *(.rodata .rodata.* .gnu.linkonce.r.*)
 .rodata.str1.4
                0x00000000000208b0       0x38 obj/default/hello_world_small.o
 .rodata._puts_r.str1.4
                0x00000000000208e8        0x2 c:/intelfpga_lite/22.1std/nios2eds/bin/gnu/h-x86_64-mingw32/bin/../lib/gcc/nios2-elf/12.2.1/../../../../../H-x86_64-mingw32/nios2-elf/lib/mno-hw-mul\libsmallc.a(lib_a-puts.o)
 *(.rodata1)
                0x00000000000208ec                . = ALIGN (0x4)
 *fill*         0x00000000000208ea        0x2 
                0x00000000000208ec                PROVIDE (__ram_rodata_end = ABSOLUTE (.))
                0x00000000000208b0                PROVIDE (__flash_rodata_start = LOADADDR (.rodata))

.rwdata         0x00000000000208ec       0xf4 load address 0x00000000000209e0
                0x00000000000208ec                PROVIDE (__ram_rwdata_start = ABSOLUTE (.))
                0x00000000000208ec                . = ALIGN (0x4)
 *(.got.plt)
 *(.got)
 *(.data1)
 *(.data .data.* .gnu.linkonce.d.*)
 .data          0x00000000000208ec        0x0 c:/Users/Lenovo/Documents/calc/software/calc_small_bsp//obj/HAL/src/crt0.o
 .data          0x00000000000208ec        0x0 obj/default/hello_world_small.o
 .data          0x00000000000208ec        0x0 c:/intelfpga_lite/22.1std/nios2eds/bin/gnu/h-x86_64-mingw32/bin/../lib/gcc/nios2-elf/12.2.1/mno-hw-mul\libgcc.a(lib2-divmod.o)
 .data          0x00000000000208ec        0x0 c:/intelfpga_lite/22.1std/nios2eds/bin/gnu/h-x86_64-mingw32/bin/../lib/gcc/nios2-elf/12.2.1/mno-hw-mul\libgcc.a(lib2-mul.o)
 .data          0x00000000000208ec        0x0 c:/intelfpga_lite/22.1std/nios2eds/bin/gnu/h-x86_64-mingw32/bin/../lib/gcc/nios2-elf/12.2.1/../../../../../H-x86_64-mingw32/nios2-elf/lib/mno-hw-mul\libsmallc.a(lib_a-puts.o)
 .data          0x00000000000208ec        0x0 c:/intelfpga_lite/22.1std/nios2eds/bin/gnu/h-x86_64-mingw32/bin/../lib/gcc/nios2-elf/12.2.1/../../../../../H-x86_64-mingw32/nios2-elf/lib/mno-hw-mul\libsmallc.a(lib_a-strlen.o)
 .data          0x00000000000208ec        0x0 c:/intelfpga_lite/22.1std/nios2eds/bin/gnu/h-x86_64-mingw32/bin/../lib/gcc/nios2-elf/12.2.1/../../../../../H-x86_64-mingw32/nios2-elf/lib/mno-hw-mul\libsmallc.a(lib_a-fvwrite_small_dev.o)
 .data          0x00000000000208ec        0x0 c:/intelfpga_lite/22.1std/nios2eds/bin/gnu/h-x86_64-mingw32/bin/../lib/gcc/nios2-elf/12.2.1/../../../../../H-x86_64-mingw32/nios2-elf/lib/mno-hw-mul\libsmallc.a(lib_a-impure.o)
 .data.impure_data
                0x00000000000208ec       0xe4 c:/intelfpga_lite/22.1std/nios2eds/bin/gnu/h-x86_64-mingw32/bin/../lib/gcc/nios2-elf/12.2.1/../../../../../H-x86_64-mingw32/nios2-elf/lib/mno-hw-mul\libsmallc.a(lib_a-impure.o)
 .data          0x00000000000209d0        0x0 c:/intelfpga_lite/22.1std/nios2eds/bin/gnu/h-x86_64-mingw32/bin/../lib/gcc/nios2-elf/12.2.1/../../../../../H-x86_64-mingw32/nios2-elf/lib/mno-hw-mul\libsmallc.a(lib_a-writer.o)
 .data          0x00000000000209d0        0x0 c:/intelfpga_lite/22.1std/nios2eds/bin/gnu/h-x86_64-mingw32/bin/../lib/gcc/nios2-elf/12.2.1/../../../../../H-x86_64-mingw32/nios2-elf/lib/mno-hw-mul\libsmallc.a(lib_a-int_errno.o)
 .data          0x00000000000209d0        0x0 c:/Users/Lenovo/Documents/calc/software/calc_small_bsp/\libhal_bsp.a(alt_load.o)
 .data          0x00000000000209d0        0x0 c:/Users/Lenovo/Documents/calc/software/calc_small_bsp/\libhal_bsp.a(alt_main.o)
 .data          0x00000000000209d0        0x0 c:/Users/Lenovo/Documents/calc/software/calc_small_bsp/\libhal_bsp.a(alt_usleep.o)
 .data          0x00000000000209d0        0x0 c:/Users/Lenovo/Documents/calc/software/calc_small_bsp/\libhal_bsp.a(alt_write.o)
 .data          0x00000000000209d0        0x0 c:/Users/Lenovo/Documents/calc/software/calc_small_bsp/\libhal_bsp.a(alt_sys_init.o)
 .data          0x00000000000209d0        0x0 c:/Users/Lenovo/Documents/calc/software/calc_small_bsp/\libhal_bsp.a(altera_avalon_jtag_uart_write.o)
 .data          0x00000000000209d0        0x0 c:/Users/Lenovo/Documents/calc/software/calc_small_bsp/\libhal_bsp.a(altera_avalon_timer_ts.o)
 .data          0x00000000000209d0        0x0 c:/Users/Lenovo/Documents/calc/software/calc_small_bsp/\libhal_bsp.a(altera_avalon_timer_vars.o)
 .data          0x00000000000209d0        0x0 c:/Users/Lenovo/Documents/calc/software/calc_small_bsp/\libhal_bsp.a(alt_busy_sleep.o)
 .data          0x00000000000209d0        0x0 c:/Users/Lenovo/Documents/calc/software/calc_small_bsp/\libhal_bsp.a(alt_dcache_flush_all.o)
 .data          0x00000000000209d0        0x0 c:/Users/Lenovo/Documents/calc/software/calc_small_bsp/\libhal_bsp.a(alt_errno.o)
 .data          0x00000000000209d0        0x0 c:/Users/Lenovo/Documents/calc/software/calc_small_bsp/\libhal_bsp.a(alt_icache_flush_all.o)
 .data          0x00000000000209d0        0x0 c:/Users/Lenovo/Documents/calc/software/calc_small_bsp/\libhal_bsp.a(altera_nios2_gen2_irq.o)
 .data          0x00000000000209d0        0x0 c:/intelfpga_lite/22.1std/nios2eds/bin/gnu/h-x86_64-mingw32/bin/../lib/gcc/nios2-elf/12.2.1/../../../../../H-x86_64-mingw32/nios2-elf/lib/mno-hw-mul\libsmallc.a(lib_a-memcpy.o)
                0x00000000000289d0                _gp = ABSOLUTE ((. + 0x8000))
                [!provide]                        PROVIDE (gp = _gp)
 *(.rwdata .rwdata.*)
 *(.sdata .sdata.* .gnu.linkonce.s.*)
 .sdata._global_impure_ptr
                0x00000000000209d0        0x4 c:/intelfpga_lite/22.1std/nios2eds/bin/gnu/h-x86_64-mingw32/bin/../lib/gcc/nios2-elf/12.2.1/../../../../../H-x86_64-mingw32/nios2-elf/lib/mno-hw-mul\libsmallc.a(lib_a-impure.o)
                0x00000000000209d0                _global_impure_ptr
 .sdata._impure_ptr
                0x00000000000209d4        0x4 c:/intelfpga_lite/22.1std/nios2eds/bin/gnu/h-x86_64-mingw32/bin/../lib/gcc/nios2-elf/12.2.1/../../../../../H-x86_64-mingw32/nios2-elf/lib/mno-hw-mul\libsmallc.a(lib_a-impure.o)
                0x00000000000209d4                _impure_ptr
 .sdata         0x00000000000209d8        0x4 c:/Users/Lenovo/Documents/calc/software/calc_small_bsp/\libhal_bsp.a(alt_sys_init.o)
                0x00000000000209d8                jtag_uart_0
 .sdata         0x00000000000209dc        0x4 c:/Users/Lenovo/Documents/calc/software/calc_small_bsp/\libhal_bsp.a(alt_errno.o)
                0x00000000000209dc                alt_errno
 *(.sdata2 .sdata2.* .gnu.linkonce.s2.*)
                0x00000000000209e0                . = ALIGN (0x4)
                0x00000000000209e0                _edata = ABSOLUTE (.)
                [!provide]                        PROVIDE (edata = ABSOLUTE (.))
                0x00000000000209e0                PROVIDE (__ram_rwdata_end = ABSOLUTE (.))
                0x00000000000209e0                PROVIDE (__flash_rwdata_start = LOADADDR (.rwdata))

.bss            0x0000000000020ad4       0x18
                0x0000000000020ad4                __bss_start = ABSOLUTE (.)
                [!provide]                        PROVIDE (__sbss_start = ABSOLUTE (.))
                [!provide]                        PROVIDE (___sbss_start = ABSOLUTE (.))
 *(.dynsbss)
 *(.sbss .sbss.* .gnu.linkonce.sb.*)
 .sbss.errno    0x0000000000020ad4        0x4 c:/intelfpga_lite/22.1std/nios2eds/bin/gnu/h-x86_64-mingw32/bin/../lib/gcc/nios2-elf/12.2.1/../../../../../H-x86_64-mingw32/nios2-elf/lib/mno-hw-mul\libsmallc.a(lib_a-int_errno.o)
                0x0000000000020ad4                errno
 .sbss          0x0000000000020ad8        0xc c:/Users/Lenovo/Documents/calc/software/calc_small_bsp/\libhal_bsp.a(alt_main.o)
                0x0000000000020ad8                alt_envp
                0x0000000000020adc                alt_argv
                0x0000000000020ae0                alt_argc
 .sbss          0x0000000000020ae4        0x8 c:/Users/Lenovo/Documents/calc/software/calc_small_bsp/\libhal_bsp.a(altera_avalon_timer_vars.o)
                0x0000000000020ae4                altera_avalon_timer_ts_freq
                0x0000000000020ae8                altera_avalon_timer_ts_base
 *(.sbss2 .sbss2.* .gnu.linkonce.sb2.*)
 *(.scommon)
                [!provide]                        PROVIDE (__sbss_end = ABSOLUTE (.))
                [!provide]                        PROVIDE (___sbss_end = ABSOLUTE (.))
 *(.dynbss)
 *(.bss .bss.* .gnu.linkonce.b.*)
 .bss           0x0000000000020aec        0x0 c:/Users/Lenovo/Documents/calc/software/calc_small_bsp//obj/HAL/src/crt0.o
 .bss           0x0000000000020aec        0x0 obj/default/hello_world_small.o
 .bss           0x0000000000020aec        0x0 c:/intelfpga_lite/22.1std/nios2eds/bin/gnu/h-x86_64-mingw32/bin/../lib/gcc/nios2-elf/12.2.1/mno-hw-mul\libgcc.a(lib2-divmod.o)
 .bss           0x0000000000020aec        0x0 c:/intelfpga_lite/22.1std/nios2eds/bin/gnu/h-x86_64-mingw32/bin/../lib/gcc/nios2-elf/12.2.1/mno-hw-mul\libgcc.a(lib2-mul.o)
 .bss           0x0000000000020aec        0x0 c:/intelfpga_lite/22.1std/nios2eds/bin/gnu/h-x86_64-mingw32/bin/../lib/gcc/nios2-elf/12.2.1/../../../../../H-x86_64-mingw32/nios2-elf/lib/mno-hw-mul\libsmallc.a(lib_a-puts.o)
 .bss           0x0000000000020aec        0x0 c:/intelfpga_lite/22.1std/nios2eds/bin/gnu/h-x86_64-mingw32/bin/../lib/gcc/nios2-elf/12.2.1/../../../../../H-x86_64-mingw32/nios2-elf/lib/mno-hw-mul\libsmallc.a(lib_a-strlen.o)
 .bss           0x0000000000020aec        0x0 c:/intelfpga_lite/22.1std/nios2eds/bin/gnu/h-x86_64-mingw32/bin/../lib/gcc/nios2-elf/12.2.1/../../../../../H-x86_64-mingw32/nios2-elf/lib/mno-hw-mul\libsmallc.a(lib_a-fvwrite_small_dev.o)
 .bss           0x0000000000020aec        0x0 c:/intelfpga_lite/22.1std/nios2eds/bin/gnu/h-x86_64-mingw32/bin/../lib/gcc/nios2-elf/12.2.1/../../../../../H-x86_64-mingw32/nios2-elf/lib/mno-hw-mul\libsmallc.a(lib_a-impure.o)
 .bss           0x0000000000020aec        0x0 c:/intelfpga_lite/22.1std/nios2eds/bin/gnu/h-x86_64-mingw32/bin/../lib/gcc/nios2-elf/12.2.1/../../../../../H-x86_64-mingw32/nios2-elf/lib/mno-hw-mul\libsmallc.a(lib_a-writer.o)
 .bss           0x0000000000020aec        0x0 c:/intelfpga_lite/22.1std/nios2eds/bin/gnu/h-x86_64-mingw32/bin/../lib/gcc/nios2-elf/12.2.1/../../../../../H-x86_64-mingw32/nios2-elf/lib/mno-hw-mul\libsmallc.a(lib_a-int_errno.o)
 .bss           0x0000000000020aec        0x0 c:/Users/Lenovo/Documents/calc/software/calc_small_bsp/\libhal_bsp.a(alt_load.o)
 .bss           0x0000000000020aec        0x0 c:/Users/Lenovo/Documents/calc/software/calc_small_bsp/\libhal_bsp.a(alt_main.o)
 .bss           0x0000000000020aec        0x0 c:/Users/Lenovo/Documents/calc/software/calc_small_bsp/\libhal_bsp.a(alt_usleep.o)
 .bss           0x0000000000020aec        0x0 c:/Users/Lenovo/Documents/calc/software/calc_small_bsp/\libhal_bsp.a(alt_write.o)
 .bss           0x0000000000020aec        0x0 c:/Users/Lenovo/Documents/calc/software/calc_small_bsp/\libhal_bsp.a(alt_sys_init.o)
 .bss           0x0000000000020aec        0x0 c:/Users/Lenovo/Documents/calc/software/calc_small_bsp/\libhal_bsp.a(altera_avalon_jtag_uart_write.o)
 .bss           0x0000000000020aec        0x0 c:/Users/Lenovo/Documents/calc/software/calc_small_bsp/\libhal_bsp.a(altera_avalon_timer_ts.o)
 .bss           0x0000000000020aec        0x0 c:/Users/Lenovo/Documents/calc/software/calc_small_bsp/\libhal_bsp.a(altera_avalon_timer_vars.o)
 .bss           0x0000000000020aec        0x0 c:/Users/Lenovo/Documents/calc/software/calc_small_bsp/\libhal_bsp.a(alt_busy_sleep.o)
 .bss           0x0000000000020aec        0x0 c:/Users/Lenovo/Documents/calc/software/calc_small_bsp/\libhal_bsp.a(alt_dcache_flush_all.o)
 .bss           0x0000000000020aec        0x0 c:/Users/Lenovo/Documents/calc/software/calc_small_bsp/\libhal_bsp.a(alt_errno.o)
 .bss           0x0000000000020aec        0x0 c:/Users/Lenovo/Documents/calc/software/calc_small_bsp/\libhal_bsp.a(alt_icache_flush_all.o)
 .bss           0x0000000000020aec        0x0 c:/Users/Lenovo/Documents/calc/software/calc_small_bsp/\libhal_bsp.a(altera_nios2_gen2_irq.o)
 .bss           0x0000000000020aec        0x0 c:/intelfpga_lite/22.1std/nios2eds/bin/gnu/h-x86_64-mingw32/bin/../lib/gcc/nios2-elf/12.2.1/../../../../../H-x86_64-mingw32/nios2-elf/lib/mno-hw-mul\libsmallc.a(lib_a-memcpy.o)
 *(COMMON)
                0x0000000000020aec                . = ALIGN (0x4)
                0x0000000000020aec                __bss_end = ABSOLUTE (.)

.onchip_memory2_1
                0x0000000000020aec        0x0
                [!provide]                        PROVIDE (_alt_partition_onchip_memory2_1_start = ABSOLUTE (.))
 *(.onchip_memory2_1 .onchip_memory2_1. onchip_memory2_1.*)
                0x0000000000020aec                . = ALIGN (0x4)
                [!provide]                        PROVIDE (_alt_partition_onchip_memory2_1_end = ABSOLUTE (.))
                0x0000000000020aec                _end = ABSOLUTE (.)
                0x0000000000020aec                end = ABSOLUTE (.)
                0x0000000000020aec                __alt_stack_base = ABSOLUTE (.)
                [!provide]                        PROVIDE (_alt_partition_onchip_memory2_1_load_addr = LOADADDR (.onchip_memory2_1))

.onchip_memory2_0
                0x0000000000030020        0x0 load address 0x0000000000020aec
                [!provide]                        PROVIDE (_alt_partition_onchip_memory2_0_start = ABSOLUTE (.))
 *(.onchip_memory2_0 .onchip_memory2_0. onchip_memory2_0.*)
                0x0000000000030020                . = ALIGN (0x4)
                [!provide]                        PROVIDE (_alt_partition_onchip_memory2_0_end = ABSOLUTE (.))
                [!provide]                        PROVIDE (_alt_partition_onchip_memory2_0_load_addr = LOADADDR (.onchip_memory2_0))

.stab
 *(.stab)

.stabstr
 *(.stabstr)

.stab.excl
 *(.stab.excl)

.stab.exclstr
 *(.stab.exclstr)

.stab.index
 *(.stab.index)

.stab.indexstr
 *(.stab.indexstr)

.comment        0x0000000000000000       0x2d
 *(.comment)
 .comment       0x0000000000000000       0x2d obj/default/hello_world_small.o
                                         0x2e (size before relaxing)
 .comment       0x000000000000002d       0x2e c:/intelfpga_lite/22.1std/nios2eds/bin/gnu/h-x86_64-mingw32/bin/../lib/gcc/nios2-elf/12.2.1/mno-hw-mul\libgcc.a(lib2-divmod.o)
 .comment       0x000000000000002d       0x2e c:/intelfpga_lite/22.1std/nios2eds/bin/gnu/h-x86_64-mingw32/bin/../lib/gcc/nios2-elf/12.2.1/mno-hw-mul\libgcc.a(lib2-mul.o)
 .comment       0x000000000000002d       0x2e c:/intelfpga_lite/22.1std/nios2eds/bin/gnu/h-x86_64-mingw32/bin/../lib/gcc/nios2-elf/12.2.1/../../../../../H-x86_64-mingw32/nios2-elf/lib/mno-hw-mul\libsmallc.a(lib_a-puts.o)
 .comment       0x000000000000002d       0x2e c:/intelfpga_lite/22.1std/nios2eds/bin/gnu/h-x86_64-mingw32/bin/../lib/gcc/nios2-elf/12.2.1/../../../../../H-x86_64-mingw32/nios2-elf/lib/mno-hw-mul\libsmallc.a(lib_a-strlen.o)
 .comment       0x000000000000002d       0x2e c:/intelfpga_lite/22.1std/nios2eds/bin/gnu/h-x86_64-mingw32/bin/../lib/gcc/nios2-elf/12.2.1/../../../../../H-x86_64-mingw32/nios2-elf/lib/mno-hw-mul\libsmallc.a(lib_a-fvwrite_small_dev.o)
 .comment       0x000000000000002d       0x2e c:/intelfpga_lite/22.1std/nios2eds/bin/gnu/h-x86_64-mingw32/bin/../lib/gcc/nios2-elf/12.2.1/../../../../../H-x86_64-mingw32/nios2-elf/lib/mno-hw-mul\libsmallc.a(lib_a-impure.o)
 .comment       0x000000000000002d       0x2e c:/intelfpga_lite/22.1std/nios2eds/bin/gnu/h-x86_64-mingw32/bin/../lib/gcc/nios2-elf/12.2.1/../../../../../H-x86_64-mingw32/nios2-elf/lib/mno-hw-mul\libsmallc.a(lib_a-writer.o)
 .comment       0x000000000000002d       0x2e c:/intelfpga_lite/22.1std/nios2eds/bin/gnu/h-x86_64-mingw32/bin/../lib/gcc/nios2-elf/12.2.1/../../../../../H-x86_64-mingw32/nios2-elf/lib/mno-hw-mul\libsmallc.a(lib_a-int_errno.o)
 .comment       0x000000000000002d       0x2e c:/Users/Lenovo/Documents/calc/software/calc_small_bsp/\libhal_bsp.a(alt_load.o)
 .comment       0x000000000000002d       0x2e c:/Users/Lenovo/Documents/calc/software/calc_small_bsp/\libhal_bsp.a(alt_main.o)
 .comment       0x000000000000002d       0x2e c:/Users/Lenovo/Documents/calc/software/calc_small_bsp/\libhal_bsp.a(alt_usleep.o)
 .comment       0x000000000000002d       0x2e c:/Users/Lenovo/Documents/calc/software/calc_small_bsp/\libhal_bsp.a(alt_write.o)
 .comment       0x000000000000002d       0x2e c:/Users/Lenovo/Documents/calc/software/calc_small_bsp/\libhal_bsp.a(alt_sys_init.o)
 .comment       0x000000000000002d       0x2e c:/Users/Lenovo/Documents/calc/software/calc_small_bsp/\libhal_bsp.a(altera_avalon_jtag_uart_write.o)
 .comment       0x000000000000002d       0x2e c:/Users/Lenovo/Documents/calc/software/calc_small_bsp/\libhal_bsp.a(altera_avalon_timer_ts.o)
 .comment       0x000000000000002d       0x2e c:/Users/Lenovo/Documents/calc/software/calc_small_bsp/\libhal_bsp.a(altera_avalon_timer_vars.o)
 .comment       0x000000000000002d       0x2e c:/Users/Lenovo/Documents/calc/software/calc_small_bsp/\libhal_bsp.a(alt_busy_sleep.o)
 .comment       0x000000000000002d       0x2e c:/Users/Lenovo/Documents/calc/software/calc_small_bsp/\libhal_bsp.a(alt_dcache_flush_all.o)
 .comment       0x000000000000002d       0x2e c:/Users/Lenovo/Documents/calc/software/calc_small_bsp/\libhal_bsp.a(alt_errno.o)
 .comment       0x000000000000002d       0x2e c:/Users/Lenovo/Documents/calc/software/calc_small_bsp/\libhal_bsp.a(alt_icache_flush_all.o)
 .comment       0x000000000000002d       0x2e c:/Users/Lenovo/Documents/calc/software/calc_small_bsp/\libhal_bsp.a(altera_nios2_gen2_irq.o)
 .comment       0x000000000000002d       0x2e c:/intelfpga_lite/22.1std/nios2eds/bin/gnu/h-x86_64-mingw32/bin/../lib/gcc/nios2-elf/12.2.1/../../../../../H-x86_64-mingw32/nios2-elf/lib/mno-hw-mul\libsmallc.a(lib_a-memcpy.o)

.debug
 *(.debug)

.line
 *(.line)

.debug_srcinfo
 *(.debug_srcinfo)

.debug_sfnames
 *(.debug_sfnames)

.debug_aranges  0x0000000000000000      0x2f8
 *(.debug_aranges)
 .debug_aranges
                0x0000000000000000       0x28 c:/Users/Lenovo/Documents/calc/software/calc_small_bsp//obj/HAL/src/crt0.o
 .debug_aranges
                0x0000000000000028       0x28 obj/default/hello_world_small.o
 .debug_aranges
                0x0000000000000050       0x20 c:/intelfpga_lite/22.1std/nios2eds/bin/gnu/h-x86_64-mingw32/bin/../lib/gcc/nios2-elf/12.2.1/mno-hw-mul\libgcc.a(lib2-divmod.o)
 .debug_aranges
                0x0000000000000070       0x20 c:/intelfpga_lite/22.1std/nios2eds/bin/gnu/h-x86_64-mingw32/bin/../lib/gcc/nios2-elf/12.2.1/mno-hw-mul\libgcc.a(lib2-mul.o)
 .debug_aranges
                0x0000000000000090       0x28 c:/intelfpga_lite/22.1std/nios2eds/bin/gnu/h-x86_64-mingw32/bin/../lib/gcc/nios2-elf/12.2.1/../../../../../H-x86_64-mingw32/nios2-elf/lib/mno-hw-mul\libsmallc.a(lib_a-puts.o)
 .debug_aranges
                0x00000000000000b8       0x20 c:/intelfpga_lite/22.1std/nios2eds/bin/gnu/h-x86_64-mingw32/bin/../lib/gcc/nios2-elf/12.2.1/../../../../../H-x86_64-mingw32/nios2-elf/lib/mno-hw-mul\libsmallc.a(lib_a-strlen.o)
 .debug_aranges
                0x00000000000000d8       0x20 c:/intelfpga_lite/22.1std/nios2eds/bin/gnu/h-x86_64-mingw32/bin/../lib/gcc/nios2-elf/12.2.1/../../../../../H-x86_64-mingw32/nios2-elf/lib/mno-hw-mul\libsmallc.a(lib_a-fvwrite_small_dev.o)
 .debug_aranges
                0x00000000000000f8       0x18 c:/intelfpga_lite/22.1std/nios2eds/bin/gnu/h-x86_64-mingw32/bin/../lib/gcc/nios2-elf/12.2.1/../../../../../H-x86_64-mingw32/nios2-elf/lib/mno-hw-mul\libsmallc.a(lib_a-impure.o)
 .debug_aranges
                0x0000000000000110       0x20 c:/intelfpga_lite/22.1std/nios2eds/bin/gnu/h-x86_64-mingw32/bin/../lib/gcc/nios2-elf/12.2.1/../../../../../H-x86_64-mingw32/nios2-elf/lib/mno-hw-mul\libsmallc.a(lib_a-writer.o)
 .debug_aranges
                0x0000000000000130       0x18 c:/intelfpga_lite/22.1std/nios2eds/bin/gnu/h-x86_64-mingw32/bin/../lib/gcc/nios2-elf/12.2.1/../../../../../H-x86_64-mingw32/nios2-elf/lib/mno-hw-mul\libsmallc.a(lib_a-int_errno.o)
 .debug_aranges
                0x0000000000000148       0x20 c:/Users/Lenovo/Documents/calc/software/calc_small_bsp/\libhal_bsp.a(alt_load.o)
 .debug_aranges
                0x0000000000000168       0x20 c:/Users/Lenovo/Documents/calc/software/calc_small_bsp/\libhal_bsp.a(alt_main.o)
 .debug_aranges
                0x0000000000000188       0x20 c:/Users/Lenovo/Documents/calc/software/calc_small_bsp/\libhal_bsp.a(alt_usleep.o)
 .debug_aranges
                0x00000000000001a8       0x20 c:/Users/Lenovo/Documents/calc/software/calc_small_bsp/\libhal_bsp.a(alt_write.o)
 .debug_aranges
                0x00000000000001c8       0x20 c:/Users/Lenovo/Documents/calc/software/calc_small_bsp/\libhal_bsp.a(alt_sys_init.o)
 .debug_aranges
                0x00000000000001e8       0x20 c:/Users/Lenovo/Documents/calc/software/calc_small_bsp/\libhal_bsp.a(altera_avalon_jtag_uart_write.o)
 .debug_aranges
                0x0000000000000208       0x20 c:/Users/Lenovo/Documents/calc/software/calc_small_bsp/\libhal_bsp.a(altera_avalon_timer_ts.o)
 .debug_aranges
                0x0000000000000228       0x18 c:/Users/Lenovo/Documents/calc/software/calc_small_bsp/\libhal_bsp.a(altera_avalon_timer_vars.o)
 .debug_aranges
                0x0000000000000240       0x20 c:/Users/Lenovo/Documents/calc/software/calc_small_bsp/\libhal_bsp.a(alt_busy_sleep.o)
 .debug_aranges
                0x0000000000000260       0x20 c:/Users/Lenovo/Documents/calc/software/calc_small_bsp/\libhal_bsp.a(alt_dcache_flush_all.o)
 .debug_aranges
                0x0000000000000280       0x18 c:/Users/Lenovo/Documents/calc/software/calc_small_bsp/\libhal_bsp.a(alt_errno.o)
 .debug_aranges
                0x0000000000000298       0x20 c:/Users/Lenovo/Documents/calc/software/calc_small_bsp/\libhal_bsp.a(alt_icache_flush_all.o)
 .debug_aranges
                0x00000000000002b8       0x20 c:/Users/Lenovo/Documents/calc/software/calc_small_bsp/\libhal_bsp.a(altera_nios2_gen2_irq.o)
 .debug_aranges
                0x00000000000002d8       0x20 c:/intelfpga_lite/22.1std/nios2eds/bin/gnu/h-x86_64-mingw32/bin/../lib/gcc/nios2-elf/12.2.1/../../../../../H-x86_64-mingw32/nios2-elf/lib/mno-hw-mul\libsmallc.a(lib_a-memcpy.o)

.debug_pubnames
 *(.debug_pubnames)

.debug_info     0x0000000000000000     0x3198
 *(.debug_info .gnu.linkonce.wi.*)
 .debug_info    0x0000000000000000       0x22 c:/Users/Lenovo/Documents/calc/software/calc_small_bsp//obj/HAL/src/crt0.o
 .debug_info    0x0000000000000022      0x38d obj/default/hello_world_small.o
 .debug_info    0x00000000000003af      0x347 c:/intelfpga_lite/22.1std/nios2eds/bin/gnu/h-x86_64-mingw32/bin/../lib/gcc/nios2-elf/12.2.1/mno-hw-mul\libgcc.a(lib2-divmod.o)
 .debug_info    0x00000000000006f6       0xc4 c:/intelfpga_lite/22.1std/nios2eds/bin/gnu/h-x86_64-mingw32/bin/../lib/gcc/nios2-elf/12.2.1/mno-hw-mul\libgcc.a(lib2-mul.o)
 .debug_info    0x00000000000007ba      0x6b9 c:/intelfpga_lite/22.1std/nios2eds/bin/gnu/h-x86_64-mingw32/bin/../lib/gcc/nios2-elf/12.2.1/../../../../../H-x86_64-mingw32/nios2-elf/lib/mno-hw-mul\libsmallc.a(lib_a-puts.o)
 .debug_info    0x0000000000000e73       0xd1 c:/intelfpga_lite/22.1std/nios2eds/bin/gnu/h-x86_64-mingw32/bin/../lib/gcc/nios2-elf/12.2.1/../../../../../H-x86_64-mingw32/nios2-elf/lib/mno-hw-mul\libsmallc.a(lib_a-strlen.o)
 .debug_info    0x0000000000000f44      0x691 c:/intelfpga_lite/22.1std/nios2eds/bin/gnu/h-x86_64-mingw32/bin/../lib/gcc/nios2-elf/12.2.1/../../../../../H-x86_64-mingw32/nios2-elf/lib/mno-hw-mul\libsmallc.a(lib_a-fvwrite_small_dev.o)
 .debug_info    0x00000000000015d5      0x5cf c:/intelfpga_lite/22.1std/nios2eds/bin/gnu/h-x86_64-mingw32/bin/../lib/gcc/nios2-elf/12.2.1/../../../../../H-x86_64-mingw32/nios2-elf/lib/mno-hw-mul\libsmallc.a(lib_a-impure.o)
 .debug_info    0x0000000000001ba4      0x671 c:/intelfpga_lite/22.1std/nios2eds/bin/gnu/h-x86_64-mingw32/bin/../lib/gcc/nios2-elf/12.2.1/../../../../../H-x86_64-mingw32/nios2-elf/lib/mno-hw-mul\libsmallc.a(lib_a-writer.o)
 .debug_info    0x0000000000002215       0x85 c:/intelfpga_lite/22.1std/nios2eds/bin/gnu/h-x86_64-mingw32/bin/../lib/gcc/nios2-elf/12.2.1/../../../../../H-x86_64-mingw32/nios2-elf/lib/mno-hw-mul\libsmallc.a(lib_a-int_errno.o)
 .debug_info    0x000000000000229a      0x239 c:/Users/Lenovo/Documents/calc/software/calc_small_bsp/\libhal_bsp.a(alt_load.o)
 .debug_info    0x00000000000024d3      0x13e c:/Users/Lenovo/Documents/calc/software/calc_small_bsp/\libhal_bsp.a(alt_main.o)
 .debug_info    0x0000000000002611       0xe4 c:/Users/Lenovo/Documents/calc/software/calc_small_bsp/\libhal_bsp.a(alt_usleep.o)
 .debug_info    0x00000000000026f5      0x1a8 c:/Users/Lenovo/Documents/calc/software/calc_small_bsp/\libhal_bsp.a(alt_write.o)
 .debug_info    0x000000000000289d      0x149 c:/Users/Lenovo/Documents/calc/software/calc_small_bsp/\libhal_bsp.a(alt_sys_init.o)
 .debug_info    0x00000000000029e6      0x149 c:/Users/Lenovo/Documents/calc/software/calc_small_bsp/\libhal_bsp.a(altera_avalon_jtag_uart_write.o)
 .debug_info    0x0000000000002b2f      0x13e c:/Users/Lenovo/Documents/calc/software/calc_small_bsp/\libhal_bsp.a(altera_avalon_timer_ts.o)
 .debug_info    0x0000000000002c6d       0xaf c:/Users/Lenovo/Documents/calc/software/calc_small_bsp/\libhal_bsp.a(altera_avalon_timer_vars.o)
 .debug_info    0x0000000000002d1c      0x10c c:/Users/Lenovo/Documents/calc/software/calc_small_bsp/\libhal_bsp.a(alt_busy_sleep.o)
 .debug_info    0x0000000000002e28       0x8d c:/Users/Lenovo/Documents/calc/software/calc_small_bsp/\libhal_bsp.a(alt_dcache_flush_all.o)
 .debug_info    0x0000000000002eb5       0xa8 c:/Users/Lenovo/Documents/calc/software/calc_small_bsp/\libhal_bsp.a(alt_errno.o)
 .debug_info    0x0000000000002f5d       0x8d c:/Users/Lenovo/Documents/calc/software/calc_small_bsp/\libhal_bsp.a(alt_icache_flush_all.o)
 .debug_info    0x0000000000002fea       0x8d c:/Users/Lenovo/Documents/calc/software/calc_small_bsp/\libhal_bsp.a(altera_nios2_gen2_irq.o)
 .debug_info    0x0000000000003077      0x121 c:/intelfpga_lite/22.1std/nios2eds/bin/gnu/h-x86_64-mingw32/bin/../lib/gcc/nios2-elf/12.2.1/../../../../../H-x86_64-mingw32/nios2-elf/lib/mno-hw-mul\libsmallc.a(lib_a-memcpy.o)

.debug_abbrev   0x0000000000000000     0x1544
 *(.debug_abbrev)
 .debug_abbrev  0x0000000000000000       0x12 c:/Users/Lenovo/Documents/calc/software/calc_small_bsp//obj/HAL/src/crt0.o
 .debug_abbrev  0x0000000000000012      0x1c2 obj/default/hello_world_small.o
 .debug_abbrev  0x00000000000001d4      0x10c c:/intelfpga_lite/22.1std/nios2eds/bin/gnu/h-x86_64-mingw32/bin/../lib/gcc/nios2-elf/12.2.1/mno-hw-mul\libgcc.a(lib2-divmod.o)
 .debug_abbrev  0x00000000000002e0       0x80 c:/intelfpga_lite/22.1std/nios2eds/bin/gnu/h-x86_64-mingw32/bin/../lib/gcc/nios2-elf/12.2.1/mno-hw-mul\libgcc.a(lib2-mul.o)
 .debug_abbrev  0x0000000000000360      0x20d c:/intelfpga_lite/22.1std/nios2eds/bin/gnu/h-x86_64-mingw32/bin/../lib/gcc/nios2-elf/12.2.1/../../../../../H-x86_64-mingw32/nios2-elf/lib/mno-hw-mul\libsmallc.a(lib_a-puts.o)
 .debug_abbrev  0x000000000000056d       0x8c c:/intelfpga_lite/22.1std/nios2eds/bin/gnu/h-x86_64-mingw32/bin/../lib/gcc/nios2-elf/12.2.1/../../../../../H-x86_64-mingw32/nios2-elf/lib/mno-hw-mul\libsmallc.a(lib_a-strlen.o)
 .debug_abbrev  0x00000000000005f9      0x1fb c:/intelfpga_lite/22.1std/nios2eds/bin/gnu/h-x86_64-mingw32/bin/../lib/gcc/nios2-elf/12.2.1/../../../../../H-x86_64-mingw32/nios2-elf/lib/mno-hw-mul\libsmallc.a(lib_a-fvwrite_small_dev.o)
 .debug_abbrev  0x00000000000007f4      0x185 c:/intelfpga_lite/22.1std/nios2eds/bin/gnu/h-x86_64-mingw32/bin/../lib/gcc/nios2-elf/12.2.1/../../../../../H-x86_64-mingw32/nios2-elf/lib/mno-hw-mul\libsmallc.a(lib_a-impure.o)
 .debug_abbrev  0x0000000000000979      0x1e0 c:/intelfpga_lite/22.1std/nios2eds/bin/gnu/h-x86_64-mingw32/bin/../lib/gcc/nios2-elf/12.2.1/../../../../../H-x86_64-mingw32/nios2-elf/lib/mno-hw-mul\libsmallc.a(lib_a-writer.o)
 .debug_abbrev  0x0000000000000b59       0x39 c:/intelfpga_lite/22.1std/nios2eds/bin/gnu/h-x86_64-mingw32/bin/../lib/gcc/nios2-elf/12.2.1/../../../../../H-x86_64-mingw32/nios2-elf/lib/mno-hw-mul\libsmallc.a(lib_a-int_errno.o)
 .debug_abbrev  0x0000000000000b92      0x12c c:/Users/Lenovo/Documents/calc/software/calc_small_bsp/\libhal_bsp.a(alt_load.o)
 .debug_abbrev  0x0000000000000cbe       0xeb c:/Users/Lenovo/Documents/calc/software/calc_small_bsp/\libhal_bsp.a(alt_main.o)
 .debug_abbrev  0x0000000000000da9       0x9b c:/Users/Lenovo/Documents/calc/software/calc_small_bsp/\libhal_bsp.a(alt_usleep.o)
 .debug_abbrev  0x0000000000000e44      0x117 c:/Users/Lenovo/Documents/calc/software/calc_small_bsp/\libhal_bsp.a(alt_write.o)
 .debug_abbrev  0x0000000000000f5b      0x123 c:/Users/Lenovo/Documents/calc/software/calc_small_bsp/\libhal_bsp.a(alt_sys_init.o)
 .debug_abbrev  0x000000000000107e       0xdc c:/Users/Lenovo/Documents/calc/software/calc_small_bsp/\libhal_bsp.a(altera_avalon_jtag_uart_write.o)
 .debug_abbrev  0x000000000000115a       0xd6 c:/Users/Lenovo/Documents/calc/software/calc_small_bsp/\libhal_bsp.a(altera_avalon_timer_ts.o)
 .debug_abbrev  0x0000000000001230       0x61 c:/Users/Lenovo/Documents/calc/software/calc_small_bsp/\libhal_bsp.a(altera_avalon_timer_vars.o)
 .debug_abbrev  0x0000000000001291       0xb9 c:/Users/Lenovo/Documents/calc/software/calc_small_bsp/\libhal_bsp.a(alt_busy_sleep.o)
 .debug_abbrev  0x000000000000134a       0x43 c:/Users/Lenovo/Documents/calc/software/calc_small_bsp/\libhal_bsp.a(alt_dcache_flush_all.o)
 .debug_abbrev  0x000000000000138d       0x70 c:/Users/Lenovo/Documents/calc/software/calc_small_bsp/\libhal_bsp.a(alt_errno.o)
 .debug_abbrev  0x00000000000013fd       0x43 c:/Users/Lenovo/Documents/calc/software/calc_small_bsp/\libhal_bsp.a(alt_icache_flush_all.o)
 .debug_abbrev  0x0000000000001440       0x43 c:/Users/Lenovo/Documents/calc/software/calc_small_bsp/\libhal_bsp.a(altera_nios2_gen2_irq.o)
 .debug_abbrev  0x0000000000001483       0xc1 c:/intelfpga_lite/22.1std/nios2eds/bin/gnu/h-x86_64-mingw32/bin/../lib/gcc/nios2-elf/12.2.1/../../../../../H-x86_64-mingw32/nios2-elf/lib/mno-hw-mul\libsmallc.a(lib_a-memcpy.o)

.debug_line     0x0000000000000000     0x112a
 *(.debug_line)
 .debug_line    0x0000000000000000       0x66 c:/Users/Lenovo/Documents/calc/software/calc_small_bsp//obj/HAL/src/crt0.o
 .debug_line    0x0000000000000066      0x26c obj/default/hello_world_small.o
 .debug_line    0x00000000000002d2      0x2e3 c:/intelfpga_lite/22.1std/nios2eds/bin/gnu/h-x86_64-mingw32/bin/../lib/gcc/nios2-elf/12.2.1/mno-hw-mul\libgcc.a(lib2-divmod.o)
 .debug_line    0x00000000000005b5       0x88 c:/intelfpga_lite/22.1std/nios2eds/bin/gnu/h-x86_64-mingw32/bin/../lib/gcc/nios2-elf/12.2.1/mno-hw-mul\libgcc.a(lib2-mul.o)
 .debug_line    0x000000000000063d       0xc2 c:/intelfpga_lite/22.1std/nios2eds/bin/gnu/h-x86_64-mingw32/bin/../lib/gcc/nios2-elf/12.2.1/../../../../../H-x86_64-mingw32/nios2-elf/lib/mno-hw-mul\libsmallc.a(lib_a-puts.o)
 .debug_line    0x00000000000006ff       0x7c c:/intelfpga_lite/22.1std/nios2eds/bin/gnu/h-x86_64-mingw32/bin/../lib/gcc/nios2-elf/12.2.1/../../../../../H-x86_64-mingw32/nios2-elf/lib/mno-hw-mul\libsmallc.a(lib_a-strlen.o)
 .debug_line    0x000000000000077b       0xd7 c:/intelfpga_lite/22.1std/nios2eds/bin/gnu/h-x86_64-mingw32/bin/../lib/gcc/nios2-elf/12.2.1/../../../../../H-x86_64-mingw32/nios2-elf/lib/mno-hw-mul\libsmallc.a(lib_a-fvwrite_small_dev.o)
 .debug_line    0x0000000000000852       0x51 c:/intelfpga_lite/22.1std/nios2eds/bin/gnu/h-x86_64-mingw32/bin/../lib/gcc/nios2-elf/12.2.1/../../../../../H-x86_64-mingw32/nios2-elf/lib/mno-hw-mul\libsmallc.a(lib_a-impure.o)
 .debug_line    0x00000000000008a3       0xae c:/intelfpga_lite/22.1std/nios2eds/bin/gnu/h-x86_64-mingw32/bin/../lib/gcc/nios2-elf/12.2.1/../../../../../H-x86_64-mingw32/nios2-elf/lib/mno-hw-mul\libsmallc.a(lib_a-writer.o)
 .debug_line    0x0000000000000951       0x3a c:/intelfpga_lite/22.1std/nios2eds/bin/gnu/h-x86_64-mingw32/bin/../lib/gcc/nios2-elf/12.2.1/../../../../../H-x86_64-mingw32/nios2-elf/lib/mno-hw-mul\libsmallc.a(lib_a-int_errno.o)
 .debug_line    0x000000000000098b       0xd2 c:/Users/Lenovo/Documents/calc/software/calc_small_bsp/\libhal_bsp.a(alt_load.o)
 .debug_line    0x0000000000000a5d       0xa2 c:/Users/Lenovo/Documents/calc/software/calc_small_bsp/\libhal_bsp.a(alt_main.o)
 .debug_line    0x0000000000000aff       0x70 c:/Users/Lenovo/Documents/calc/software/calc_small_bsp/\libhal_bsp.a(alt_usleep.o)
 .debug_line    0x0000000000000b6f       0xc5 c:/Users/Lenovo/Documents/calc/software/calc_small_bsp/\libhal_bsp.a(alt_write.o)
 .debug_line    0x0000000000000c34       0xa2 c:/Users/Lenovo/Documents/calc/software/calc_small_bsp/\libhal_bsp.a(alt_sys_init.o)
 .debug_line    0x0000000000000cd6       0x93 c:/Users/Lenovo/Documents/calc/software/calc_small_bsp/\libhal_bsp.a(altera_avalon_jtag_uart_write.o)
 .debug_line    0x0000000000000d69       0xcd c:/Users/Lenovo/Documents/calc/software/calc_small_bsp/\libhal_bsp.a(altera_avalon_timer_ts.o)
 .debug_line    0x0000000000000e36       0x4c c:/Users/Lenovo/Documents/calc/software/calc_small_bsp/\libhal_bsp.a(altera_avalon_timer_vars.o)
 .debug_line    0x0000000000000e82       0xe2 c:/Users/Lenovo/Documents/calc/software/calc_small_bsp/\libhal_bsp.a(alt_busy_sleep.o)
 .debug_line    0x0000000000000f64       0x4e c:/Users/Lenovo/Documents/calc/software/calc_small_bsp/\libhal_bsp.a(alt_dcache_flush_all.o)
 .debug_line    0x0000000000000fb2       0x4c c:/Users/Lenovo/Documents/calc/software/calc_small_bsp/\libhal_bsp.a(alt_errno.o)
 .debug_line    0x0000000000000ffe       0x4c c:/Users/Lenovo/Documents/calc/software/calc_small_bsp/\libhal_bsp.a(alt_icache_flush_all.o)
 .debug_line    0x000000000000104a       0x54 c:/Users/Lenovo/Documents/calc/software/calc_small_bsp/\libhal_bsp.a(altera_nios2_gen2_irq.o)
 .debug_line    0x000000000000109e       0x8c c:/intelfpga_lite/22.1std/nios2eds/bin/gnu/h-x86_64-mingw32/bin/../lib/gcc/nios2-elf/12.2.1/../../../../../H-x86_64-mingw32/nios2-elf/lib/mno-hw-mul\libsmallc.a(lib_a-memcpy.o)

.debug_frame    0x0000000000000000      0x3c0
 *(.debug_frame)
 .debug_frame   0x0000000000000000       0x88 obj/default/hello_world_small.o
 .debug_frame   0x0000000000000088       0x50 c:/intelfpga_lite/22.1std/nios2eds/bin/gnu/h-x86_64-mingw32/bin/../lib/gcc/nios2-elf/12.2.1/mno-hw-mul\libgcc.a(lib2-divmod.o)
 .debug_frame   0x00000000000000d8       0x20 c:/intelfpga_lite/22.1std/nios2eds/bin/gnu/h-x86_64-mingw32/bin/../lib/gcc/nios2-elf/12.2.1/mno-hw-mul\libgcc.a(lib2-mul.o)
 .debug_frame   0x00000000000000f8       0x48 c:/intelfpga_lite/22.1std/nios2eds/bin/gnu/h-x86_64-mingw32/bin/../lib/gcc/nios2-elf/12.2.1/../../../../../H-x86_64-mingw32/nios2-elf/lib/mno-hw-mul\libsmallc.a(lib_a-puts.o)
 .debug_frame   0x0000000000000140       0x20 c:/intelfpga_lite/22.1std/nios2eds/bin/gnu/h-x86_64-mingw32/bin/../lib/gcc/nios2-elf/12.2.1/../../../../../H-x86_64-mingw32/nios2-elf/lib/mno-hw-mul\libsmallc.a(lib_a-strlen.o)
 .debug_frame   0x0000000000000160       0x3c c:/intelfpga_lite/22.1std/nios2eds/bin/gnu/h-x86_64-mingw32/bin/../lib/gcc/nios2-elf/12.2.1/../../../../../H-x86_64-mingw32/nios2-elf/lib/mno-hw-mul\libsmallc.a(lib_a-fvwrite_small_dev.o)
 .debug_frame   0x000000000000019c       0x30 c:/intelfpga_lite/22.1std/nios2eds/bin/gnu/h-x86_64-mingw32/bin/../lib/gcc/nios2-elf/12.2.1/../../../../../H-x86_64-mingw32/nios2-elf/lib/mno-hw-mul\libsmallc.a(lib_a-writer.o)
 .debug_frame   0x00000000000001cc       0x2c c:/Users/Lenovo/Documents/calc/software/calc_small_bsp/\libhal_bsp.a(alt_load.o)
 .debug_frame   0x00000000000001f8       0x2c c:/Users/Lenovo/Documents/calc/software/calc_small_bsp/\libhal_bsp.a(alt_main.o)
 .debug_frame   0x0000000000000224       0x20 c:/Users/Lenovo/Documents/calc/software/calc_small_bsp/\libhal_bsp.a(alt_usleep.o)
 .debug_frame   0x0000000000000244       0x2c c:/Users/Lenovo/Documents/calc/software/calc_small_bsp/\libhal_bsp.a(alt_write.o)
 .debug_frame   0x0000000000000270       0x3c c:/Users/Lenovo/Documents/calc/software/calc_small_bsp/\libhal_bsp.a(alt_sys_init.o)
 .debug_frame   0x00000000000002ac       0x20 c:/Users/Lenovo/Documents/calc/software/calc_small_bsp/\libhal_bsp.a(altera_avalon_jtag_uart_write.o)
 .debug_frame   0x00000000000002cc       0x40 c:/Users/Lenovo/Documents/calc/software/calc_small_bsp/\libhal_bsp.a(altera_avalon_timer_ts.o)
 .debug_frame   0x000000000000030c       0x34 c:/Users/Lenovo/Documents/calc/software/calc_small_bsp/\libhal_bsp.a(alt_busy_sleep.o)
 .debug_frame   0x0000000000000340       0x20 c:/Users/Lenovo/Documents/calc/software/calc_small_bsp/\libhal_bsp.a(alt_dcache_flush_all.o)
 .debug_frame   0x0000000000000360       0x20 c:/Users/Lenovo/Documents/calc/software/calc_small_bsp/\libhal_bsp.a(alt_icache_flush_all.o)
 .debug_frame   0x0000000000000380       0x20 c:/Users/Lenovo/Documents/calc/software/calc_small_bsp/\libhal_bsp.a(altera_nios2_gen2_irq.o)
 .debug_frame   0x00000000000003a0       0x20 c:/intelfpga_lite/22.1std/nios2eds/bin/gnu/h-x86_64-mingw32/bin/../lib/gcc/nios2-elf/12.2.1/../../../../../H-x86_64-mingw32/nios2-elf/lib/mno-hw-mul\libsmallc.a(lib_a-memcpy.o)

.debug_str      0x0000000000000000      0x8f0
 *(.debug_str)
 .debug_str     0x0000000000000000       0x55 c:/Users/Lenovo/Documents/calc/software/calc_small_bsp//obj/HAL/src/crt0.o
 .debug_str     0x0000000000000055      0x1b2 obj/default/hello_world_small.o
                                        0x20c (size before relaxing)
 .debug_str     0x0000000000000207       0xcd c:/intelfpga_lite/22.1std/nios2eds/bin/gnu/h-x86_64-mingw32/bin/../lib/gcc/nios2-elf/12.2.1/mno-hw-mul\libgcc.a(lib2-divmod.o)
                                        0x122 (size before relaxing)
 .debug_str     0x00000000000002d4       0xe6 c:/intelfpga_lite/22.1std/nios2eds/bin/gnu/h-x86_64-mingw32/bin/../lib/gcc/nios2-elf/12.2.1/mno-hw-mul\libgcc.a(lib2-mul.o)
 .debug_str     0x00000000000002d4      0x33f c:/intelfpga_lite/22.1std/nios2eds/bin/gnu/h-x86_64-mingw32/bin/../lib/gcc/nios2-elf/12.2.1/../../../../../H-x86_64-mingw32/nios2-elf/lib/mno-hw-mul\libsmallc.a(lib_a-puts.o)
                                        0x406 (size before relaxing)
 .debug_str     0x0000000000000613      0x33f c:/intelfpga_lite/22.1std/nios2eds/bin/gnu/h-x86_64-mingw32/bin/../lib/gcc/nios2-elf/12.2.1/../../../../../H-x86_64-mingw32/nios2-elf/lib/mno-hw-mul\libsmallc.a(lib_a-strlen.o)
                                        0x107 (size before relaxing)
 .debug_str     0x0000000000000613       0x25 c:/intelfpga_lite/22.1std/nios2eds/bin/gnu/h-x86_64-mingw32/bin/../lib/gcc/nios2-elf/12.2.1/../../../../../H-x86_64-mingw32/nios2-elf/lib/mno-hw-mul\libsmallc.a(lib_a-fvwrite_small_dev.o)
                                        0x410 (size before relaxing)
 .debug_str     0x0000000000000638       0x1f c:/intelfpga_lite/22.1std/nios2eds/bin/gnu/h-x86_64-mingw32/bin/../lib/gcc/nios2-elf/12.2.1/../../../../../H-x86_64-mingw32/nios2-elf/lib/mno-hw-mul\libsmallc.a(lib_a-impure.o)
                                        0x3f5 (size before relaxing)
 .debug_str     0x0000000000000657       0x1f c:/intelfpga_lite/22.1std/nios2eds/bin/gnu/h-x86_64-mingw32/bin/../lib/gcc/nios2-elf/12.2.1/../../../../../H-x86_64-mingw32/nios2-elf/lib/mno-hw-mul\libsmallc.a(lib_a-writer.o)
                                        0x3ef (size before relaxing)
 .debug_str     0x0000000000000657       0xf9 c:/intelfpga_lite/22.1std/nios2eds/bin/gnu/h-x86_64-mingw32/bin/../lib/gcc/nios2-elf/12.2.1/../../../../../H-x86_64-mingw32/nios2-elf/lib/mno-hw-mul\libsmallc.a(lib_a-int_errno.o)
 .debug_str     0x0000000000000657      0x10c c:/Users/Lenovo/Documents/calc/software/calc_small_bsp/\libhal_bsp.a(alt_load.o)
                                        0x208 (size before relaxing)
 .debug_str     0x0000000000000763       0x4b c:/Users/Lenovo/Documents/calc/software/calc_small_bsp/\libhal_bsp.a(alt_main.o)
                                        0x138 (size before relaxing)
 .debug_str     0x00000000000007ae        0xf c:/Users/Lenovo/Documents/calc/software/calc_small_bsp/\libhal_bsp.a(alt_usleep.o)
                                        0x116 (size before relaxing)
 .debug_str     0x00000000000007bd       0x62 c:/Users/Lenovo/Documents/calc/software/calc_small_bsp/\libhal_bsp.a(alt_write.o)
                                        0x162 (size before relaxing)
 .debug_str     0x000000000000081f       0x8f c:/Users/Lenovo/Documents/calc/software/calc_small_bsp/\libhal_bsp.a(alt_sys_init.o)
                                        0x1ca (size before relaxing)
 .debug_str     0x00000000000008ae       0x8f c:/Users/Lenovo/Documents/calc/software/calc_small_bsp/\libhal_bsp.a(altera_avalon_jtag_uart_write.o)
                                        0x15c (size before relaxing)
 .debug_str     0x00000000000008ae        0xc c:/Users/Lenovo/Documents/calc/software/calc_small_bsp/\libhal_bsp.a(altera_avalon_timer_ts.o)
                                        0x175 (size before relaxing)
 .debug_str     0x00000000000008ba      0x128 c:/Users/Lenovo/Documents/calc/software/calc_small_bsp/\libhal_bsp.a(altera_avalon_timer_vars.o)
 .debug_str     0x00000000000008ba       0x1a c:/Users/Lenovo/Documents/calc/software/calc_small_bsp/\libhal_bsp.a(alt_busy_sleep.o)
                                        0x12c (size before relaxing)
 .debug_str     0x00000000000008d4       0xfd c:/Users/Lenovo/Documents/calc/software/calc_small_bsp/\libhal_bsp.a(alt_dcache_flush_all.o)
 .debug_str     0x00000000000008d4        0x8 c:/Users/Lenovo/Documents/calc/software/calc_small_bsp/\libhal_bsp.a(alt_errno.o)
                                         0xfa (size before relaxing)
 .debug_str     0x00000000000008dc       0xfd c:/Users/Lenovo/Documents/calc/software/calc_small_bsp/\libhal_bsp.a(alt_icache_flush_all.o)
 .debug_str     0x00000000000008dc      0x103 c:/Users/Lenovo/Documents/calc/software/calc_small_bsp/\libhal_bsp.a(altera_nios2_gen2_irq.o)
 .debug_str     0x00000000000008dc       0x14 c:/intelfpga_lite/22.1std/nios2eds/bin/gnu/h-x86_64-mingw32/bin/../lib/gcc/nios2-elf/12.2.1/../../../../../H-x86_64-mingw32/nios2-elf/lib/mno-hw-mul\libsmallc.a(lib_a-memcpy.o)
                                        0x115 (size before relaxing)

.debug_loc
 *(.debug_loc)

.debug_macinfo
 *(.debug_macinfo)

.debug_weaknames
 *(.debug_weaknames)

.debug_funcnames
 *(.debug_funcnames)

.debug_typenames
 *(.debug_typenames)

.debug_varnames
 *(.debug_varnames)

.debug_alt_sim_info
                0x0000000000000000       0x40
 *(.debug_alt_sim_info)
 .debug_alt_sim_info
                0x0000000000000000       0x10 c:/Users/Lenovo/Documents/calc/software/calc_small_bsp//obj/HAL/src/crt0.o
 .debug_alt_sim_info
                0x0000000000000010       0x30 c:/Users/Lenovo/Documents/calc/software/calc_small_bsp/\libhal_bsp.a(alt_busy_sleep.o)
                0x000000000002fa00                __alt_data_end = 0x2fa00
                0x000000000002fa00                PROVIDE (__alt_stack_pointer = __alt_data_end)
                [!provide]                        PROVIDE (__alt_stack_limit = __alt_stack_base)
                [!provide]                        PROVIDE (__alt_heap_start = end)
                [!provide]                        PROVIDE (__alt_heap_limit = 0x2fa00)
OUTPUT(calc_small.elf elf32-littlenios2)
LOAD linker stubs

.debug_ranges   0x0000000000000000       0x20
 .debug_ranges  0x0000000000000000       0x20 c:/Users/Lenovo/Documents/calc/software/calc_small_bsp//obj/HAL/src/crt0.o

.debug_loclists
                0x0000000000000000      0xab5
 .debug_loclists
                0x0000000000000000      0x245 obj/default/hello_world_small.o
 .debug_loclists
                0x0000000000000245      0x37a c:/intelfpga_lite/22.1std/nios2eds/bin/gnu/h-x86_64-mingw32/bin/../lib/gcc/nios2-elf/12.2.1/mno-hw-mul\libgcc.a(lib2-divmod.o)
 .debug_loclists
                0x00000000000005bf       0x5b c:/intelfpga_lite/22.1std/nios2eds/bin/gnu/h-x86_64-mingw32/bin/../lib/gcc/nios2-elf/12.2.1/mno-hw-mul\libgcc.a(lib2-mul.o)
 .debug_loclists
                0x000000000000061a       0x73 c:/intelfpga_lite/22.1std/nios2eds/bin/gnu/h-x86_64-mingw32/bin/../lib/gcc/nios2-elf/12.2.1/../../../../../H-x86_64-mingw32/nios2-elf/lib/mno-hw-mul\libsmallc.a(lib_a-puts.o)
 .debug_loclists
                0x000000000000068d       0x32 c:/intelfpga_lite/22.1std/nios2eds/bin/gnu/h-x86_64-mingw32/bin/../lib/gcc/nios2-elf/12.2.1/../../../../../H-x86_64-mingw32/nios2-elf/lib/mno-hw-mul\libsmallc.a(lib_a-strlen.o)
 .debug_loclists
                0x00000000000006bf       0xc5 c:/intelfpga_lite/22.1std/nios2eds/bin/gnu/h-x86_64-mingw32/bin/../lib/gcc/nios2-elf/12.2.1/../../../../../H-x86_64-mingw32/nios2-elf/lib/mno-hw-mul\libsmallc.a(lib_a-fvwrite_small_dev.o)
 .debug_loclists
                0x0000000000000784       0x88 c:/intelfpga_lite/22.1std/nios2eds/bin/gnu/h-x86_64-mingw32/bin/../lib/gcc/nios2-elf/12.2.1/../../../../../H-x86_64-mingw32/nios2-elf/lib/mno-hw-mul\libsmallc.a(lib_a-writer.o)
 .debug_loclists
                0x000000000000080c       0x1e c:/Users/Lenovo/Documents/calc/software/calc_small_bsp/\libhal_bsp.a(alt_usleep.o)
 .debug_loclists
                0x000000000000082a       0x7b c:/Users/Lenovo/Documents/calc/software/calc_small_bsp/\libhal_bsp.a(alt_write.o)
 .debug_loclists
                0x00000000000008a5       0x1e c:/Users/Lenovo/Documents/calc/software/calc_small_bsp/\libhal_bsp.a(alt_sys_init.o)
 .debug_loclists
                0x00000000000008c3       0x5e c:/Users/Lenovo/Documents/calc/software/calc_small_bsp/\libhal_bsp.a(altera_avalon_jtag_uart_write.o)
 .debug_loclists
                0x0000000000000921       0x3e c:/Users/Lenovo/Documents/calc/software/calc_small_bsp/\libhal_bsp.a(altera_avalon_timer_ts.o)
 .debug_loclists
                0x000000000000095f       0x8a c:/Users/Lenovo/Documents/calc/software/calc_small_bsp/\libhal_bsp.a(alt_busy_sleep.o)
 .debug_loclists
                0x00000000000009e9       0xcc c:/intelfpga_lite/22.1std/nios2eds/bin/gnu/h-x86_64-mingw32/bin/../lib/gcc/nios2-elf/12.2.1/../../../../../H-x86_64-mingw32/nios2-elf/lib/mno-hw-mul\libsmallc.a(lib_a-memcpy.o)

.debug_rnglists
                0x0000000000000000       0xfa
 .debug_rnglists
                0x0000000000000000       0x1b obj/default/hello_world_small.o
 .debug_rnglists
                0x000000000000001b       0x3f c:/intelfpga_lite/22.1std/nios2eds/bin/gnu/h-x86_64-mingw32/bin/../lib/gcc/nios2-elf/12.2.1/mno-hw-mul\libgcc.a(lib2-divmod.o)
 .debug_rnglists
                0x000000000000005a       0x1a c:/intelfpga_lite/22.1std/nios2eds/bin/gnu/h-x86_64-mingw32/bin/../lib/gcc/nios2-elf/12.2.1/../../../../../H-x86_64-mingw32/nios2-elf/lib/mno-hw-mul\libsmallc.a(lib_a-puts.o)
 .debug_rnglists
                0x0000000000000074       0x13 c:/intelfpga_lite/22.1std/nios2eds/bin/gnu/h-x86_64-mingw32/bin/../lib/gcc/nios2-elf/12.2.1/../../../../../H-x86_64-mingw32/nios2-elf/lib/mno-hw-mul\libsmallc.a(lib_a-strlen.o)
 .debug_rnglists
                0x0000000000000087       0x14 c:/intelfpga_lite/22.1std/nios2eds/bin/gnu/h-x86_64-mingw32/bin/../lib/gcc/nios2-elf/12.2.1/../../../../../H-x86_64-mingw32/nios2-elf/lib/mno-hw-mul\libsmallc.a(lib_a-fvwrite_small_dev.o)
 .debug_rnglists
                0x000000000000009b       0x13 c:/intelfpga_lite/22.1std/nios2eds/bin/gnu/h-x86_64-mingw32/bin/../lib/gcc/nios2-elf/12.2.1/../../../../../H-x86_64-mingw32/nios2-elf/lib/mno-hw-mul\libsmallc.a(lib_a-writer.o)
 .debug_rnglists
                0x00000000000000ae       0x23 c:/Users/Lenovo/Documents/calc/software/calc_small_bsp/\libhal_bsp.a(alt_load.o)
 .debug_rnglists
                0x00000000000000d1       0x16 c:/Users/Lenovo/Documents/calc/software/calc_small_bsp/\libhal_bsp.a(alt_write.o)
 .debug_rnglists
                0x00000000000000e7       0x13 c:/intelfpga_lite/22.1std/nios2eds/bin/gnu/h-x86_64-mingw32/bin/../lib/gcc/nios2-elf/12.2.1/../../../../../H-x86_64-mingw32/nios2-elf/lib/mno-hw-mul\libsmallc.a(lib_a-memcpy.o)

.debug_line_str
                0x0000000000000000      0xab4
 .debug_line_str
                0x0000000000000000      0x14b obj/default/hello_world_small.o
                                        0x1b7 (size before relaxing)
 .debug_line_str
                0x000000000000014b       0xf2 c:/intelfpga_lite/22.1std/nios2eds/bin/gnu/h-x86_64-mingw32/bin/../lib/gcc/nios2-elf/12.2.1/mno-hw-mul\libgcc.a(lib2-divmod.o)
                                        0x1b6 (size before relaxing)
 .debug_line_str
                0x000000000000023d       0x3a c:/intelfpga_lite/22.1std/nios2eds/bin/gnu/h-x86_64-mingw32/bin/../lib/gcc/nios2-elf/12.2.1/mno-hw-mul\libgcc.a(lib2-mul.o)
                                        0x1ad (size before relaxing)
 .debug_line_str
                0x0000000000000277      0x251 c:/intelfpga_lite/22.1std/nios2eds/bin/gnu/h-x86_64-mingw32/bin/../lib/gcc/nios2-elf/12.2.1/../../../../../H-x86_64-mingw32/nios2-elf/lib/mno-hw-mul\libsmallc.a(lib_a-puts.o)
                                        0x32a (size before relaxing)
 .debug_line_str
                0x00000000000004c8      0x103 c:/intelfpga_lite/22.1std/nios2eds/bin/gnu/h-x86_64-mingw32/bin/../lib/gcc/nios2-elf/12.2.1/../../../../../H-x86_64-mingw32/nios2-elf/lib/mno-hw-mul\libsmallc.a(lib_a-strlen.o)
                                        0x2b3 (size before relaxing)
 .debug_line_str
                0x00000000000005cb       0x49 c:/intelfpga_lite/22.1std/nios2eds/bin/gnu/h-x86_64-mingw32/bin/../lib/gcc/nios2-elf/12.2.1/../../../../../H-x86_64-mingw32/nios2-elf/lib/mno-hw-mul\libsmallc.a(lib_a-fvwrite_small_dev.o)
                                        0x33e (size before relaxing)
 .debug_line_str
                0x0000000000000614      0x100 c:/intelfpga_lite/22.1std/nios2eds/bin/gnu/h-x86_64-mingw32/bin/../lib/gcc/nios2-elf/12.2.1/../../../../../H-x86_64-mingw32/nios2-elf/lib/mno-hw-mul\libsmallc.a(lib_a-impure.o)
                                        0x2ba (size before relaxing)
 .debug_line_str
                0x0000000000000714       0x3e c:/intelfpga_lite/22.1std/nios2eds/bin/gnu/h-x86_64-mingw32/bin/../lib/gcc/nios2-elf/12.2.1/../../../../../H-x86_64-mingw32/nios2-elf/lib/mno-hw-mul\libsmallc.a(lib_a-writer.o)
                                        0x326 (size before relaxing)
 .debug_line_str
                0x0000000000000752       0x41 c:/intelfpga_lite/22.1std/nios2eds/bin/gnu/h-x86_64-mingw32/bin/../lib/gcc/nios2-elf/12.2.1/../../../../../H-x86_64-mingw32/nios2-elf/lib/mno-hw-mul\libsmallc.a(lib_a-int_errno.o)
                                        0x1dd (size before relaxing)
 .debug_line_str
                0x0000000000000793       0x81 c:/Users/Lenovo/Documents/calc/software/calc_small_bsp/\libhal_bsp.a(alt_load.o)
                                         0xed (size before relaxing)
 .debug_line_str
                0x0000000000000814       0x4a c:/Users/Lenovo/Documents/calc/software/calc_small_bsp/\libhal_bsp.a(alt_main.o)
                                         0xec (size before relaxing)
 .debug_line_str
                0x000000000000085e       0x26 c:/Users/Lenovo/Documents/calc/software/calc_small_bsp/\libhal_bsp.a(alt_usleep.o)
                                        0x139 (size before relaxing)
 .debug_line_str
                0x0000000000000884       0x7d c:/Users/Lenovo/Documents/calc/software/calc_small_bsp/\libhal_bsp.a(alt_write.o)
                                        0x185 (size before relaxing)
 .debug_line_str
                0x0000000000000901       0x65 c:/Users/Lenovo/Documents/calc/software/calc_small_bsp/\libhal_bsp.a(alt_sys_init.o)
                                        0x11f (size before relaxing)
 .debug_line_str
                0x0000000000000966       0x38 c:/Users/Lenovo/Documents/calc/software/calc_small_bsp/\libhal_bsp.a(altera_avalon_jtag_uart_write.o)
                                        0x130 (size before relaxing)
 .debug_line_str
                0x000000000000099e       0x25 c:/Users/Lenovo/Documents/calc/software/calc_small_bsp/\libhal_bsp.a(altera_avalon_timer_ts.o)
                                        0x117 (size before relaxing)
 .debug_line_str
                0x00000000000009c3       0x27 c:/Users/Lenovo/Documents/calc/software/calc_small_bsp/\libhal_bsp.a(altera_avalon_timer_vars.o)
                                        0x11d (size before relaxing)
 .debug_line_str
                0x00000000000009ea       0x19 c:/Users/Lenovo/Documents/calc/software/calc_small_bsp/\libhal_bsp.a(alt_busy_sleep.o)
                                         0xcf (size before relaxing)
 .debug_line_str
                0x0000000000000a03       0x1f c:/Users/Lenovo/Documents/calc/software/calc_small_bsp/\libhal_bsp.a(alt_dcache_flush_all.o)
                                         0xcb (size before relaxing)
 .debug_line_str
                0x0000000000000a22       0x14 c:/Users/Lenovo/Documents/calc/software/calc_small_bsp/\libhal_bsp.a(alt_errno.o)
                                        0x11e (size before relaxing)
 .debug_line_str
                0x0000000000000a36       0x1f c:/Users/Lenovo/Documents/calc/software/calc_small_bsp/\libhal_bsp.a(alt_icache_flush_all.o)
                                         0xcb (size before relaxing)
 .debug_line_str
                0x0000000000000a55       0x20 c:/Users/Lenovo/Documents/calc/software/calc_small_bsp/\libhal_bsp.a(altera_nios2_gen2_irq.o)
                                         0xce (size before relaxing)
 .debug_line_str
                0x0000000000000a75       0x3f c:/intelfpga_lite/22.1std/nios2eds/bin/gnu/h-x86_64-mingw32/bin/../lib/gcc/nios2-elf/12.2.1/../../../../../H-x86_64-mingw32/nios2-elf/lib/mno-hw-mul\libsmallc.a(lib_a-memcpy.o)
                                        0x2b3 (size before relaxing)
